// Jest Snapshot v1, https://goo.gl/fbAQLP

exports[`<Post /> should render header, excerpt, cover, metadata and post 1`] = `
.c6 {
  font-size: 1.6rem;
  color: #AAAAAA;
  font-style: italic;
}

.c6 .categories span::after {
  content: ', ';
}

.c6 .categories span:last-child::after {
  content: '';
}

.c6 a {
  color: #dc143c;
  -webkit-text-decoration: none;
  text-decoration: none;
  -webkit-transition: all 300ms ease-in-out;
  transition: all 300ms ease-in-out;
}

.c6:hover {
  -webkit-filter: brightness(50%);
  filter: brightness(50%);
}

.c3 {
  color: #000000;
  font-size: 4.0rem;
  text-transform: none;
}

.c1 {
  padding-bottom: 4.0rem;
  margin-bottom: 4.0rem;
  border-bottom: 0.1rem solid #DDDDDD;
}

.c1 .c2 {
  margin: 0;
  margin-bottom: 2.4rem;
}

.c4 {
  margin: 2.4rem 0;
  font-size: 2.4rem;
}

.c5 {
  max-width: 100%;
  display: block;
  margin-bottom: 2.4rem;
}

.c9 {
  font-size: calc(1.6rem + 0.2rem);
  line-height: 1.5;
}

.c9 iframe[src*='ads'] {
  display: none;
}

.c9 p {
  margin: 2.4rem 0;
}

.c9 a,
.c9 a:visited,
.c9 a:link {
  color: #dc143c;
  -webkit-text-decoration: none;
  text-decoration: none;
  -webkit-transition: all 300ms ease-in-out;
  transition: all 300ms ease-in-out;
}

.c9 a:hover {
  -webkit-filter: brightness(50%);
  filter: brightness(50%);
}

.c9 img {
  max-width: 100%;
}

.c9 .image {
  background: #DDDDDD;
  line-height: 0;
  margin: 2.4rem 0;
}

.c9 .image figcaption {
  font-size: 1.6rem;
  padding: 1.6rem;
  text-align: center;
  line-height: 1.3;
}

.c9 .image-style-side {
  max-width: 50%;
  float: right;
  margin: 2.4rem 0;
}

.c9 hr {
  border: none;
  border-bottom: 0.1rem solid #DDDDDD;
}

.c9 ul,
.c9 ol {
  margin: 2.4rem 4.0rem;
}

.c9 .table {
  width: 100%;
  overflow: hidden;
  overflow-x: auto;
}

.c9 table {
  width: 100%;
  border-collapse: collapse;
  margin: 2.4rem 0;
}

.c9 table td,
.c9 table th {
  padding: 1.6rem;
  border: 0.1rem solid #DDDDDD;
}

.c9 blockquote {
  border-left: 0.5rem solid #dc143c;
  color: #AAAAAA;
  -webkit-filter: brightness(80%);
  filter: brightness(80%);
  padding-left: 2.4rem;
  font-style: italic;
  margin: 2.4rem;
}

.c8 pre[class*='language-'],
.c8 code[class*='language-'] {
  color: #d4d4d4;
  font-size: 13px;
  text-shadow: none;
  font-family: Menlo,Monaco,Consolas,'Andale Mono','Ubuntu Mono','Courier New',monospace;
  direction: ltr;
  text-align: left;
  white-space: pre;
  word-spacing: normal;
  word-break: normal;
  line-height: 1.5;
  -moz-tab-size: 4;
  -o-tab-size: 4;
  tab-size: 4;
  -webkit-hyphens: none;
  -moz-hyphens: none;
  -ms-hyphens: none;
  -webkit-hyphens: none;
  -moz-hyphens: none;
  -ms-hyphens: none;
  hyphens: none;
}

.c8 pre[class*='language-']::selection,
.c8 code[class*='language-']::selection,
.c8 pre[class*='language-'] *::selection,
.c8 code[class*='language-'] *::selection {
  text-shadow: none;
  background: #75a7ca;
}

.c8 pre[class*='language-'] {
  padding: 1em;
  margin: 0.5em 0;
  overflow: auto;
  background: #1e1e1e;
}

.c8:not(pre) > code[class*='language-'] {
  padding: 0.1em 0.3em;
  border-radius: 0.3em;
  color: #db4c69;
  background: #f9f2f4;
}

.c8 .namespace {
  opacity: 0.7;
}

.c8 .token.doctype .token.doctype-tag {
  color: #569cd6;
}

.c8 .token.doctype .token.name {
  color: #9cdcfe;
}

.c8 .token.comment,
.c8 .token.prolog {
  color: #6a9955;
}

.c8 .token.punctuation,
.c8 .language-html .language-css .token.punctuation,
.c8 .language-html .language-javascript .token.punctuation {
  color: #d4d4d4;
}

.c8 .token.property,
.c8 .token.tag,
.c8 .token.boolean,
.c8 .token.number,
.c8 .token.constant,
.c8 .token.symbol,
.c8 .token.inserted,
.c8 .token.unit {
  color: #b5cea8;
}

.c8 .token.selector,
.c8 .token.attr-name,
.c8 .token.string,
.c8 .token.char,
.c8 .token.builtin,
.c8 .token.deleted {
  color: #ce9178;
}

.c8 .language-css .token.string.url {
  -webkit-text-decoration: underline;
  text-decoration: underline;
}

.c8 .token.operator,
.c8 .token.entity {
  color: #d4d4d4;
}

.c8 .token.operator.arrow {
  color: #569cd6;
}

.c8 .token.atrule {
  color: #ce9178;
}

.c8 .token.atrule .token.rule {
  color: #c586c0;
}

.c8 .token.atrule .token.url {
  color: #9cdcfe;
}

.c8 .token.atrule .token.url .token.function {
  color: #dcdcaa;
}

.c8 .token.atrule .token.url .token.punctuation {
  color: #d4d4d4;
}

.c8 .token.keyword {
  color: #569cd6;
}

.c8 .token.keyword.module,
.c8 .token.keyword.control-flow {
  color: #c586c0;
}

.c8 .token.function,
.c8 .token.function .token.maybe-class-name {
  color: #dcdcaa;
}

.c8 .token.regex {
  color: #d16969;
}

.c8 .token.important {
  color: #569cd6;
}

.c8 .token.italic {
  font-style: italic;
}

.c8 .token.constant {
  color: #9cdcfe;
}

.c8 .token.class-name,
.c8 .token.maybe-class-name {
  color: #4ec9b0;
}

.c8 .token.console {
  color: #9cdcfe;
}

.c8 .token.parameter {
  color: #9cdcfe;
}

.c8 .token.interpolation {
  color: #9cdcfe;
}

.c8 .token.punctuation.interpolation-punctuation {
  color: #569cd6;
}

.c8 .token.boolean {
  color: #569cd6;
}

.c8 .token.property,
.c8 .token.variable,
.c8 .token.imports .token.maybe-class-name,
.c8 .token.exports .token.maybe-class-name {
  color: #9cdcfe;
}

.c8 .token.selector {
  color: #d7ba7d;
}

.c8 .token.escape {
  color: #d7ba7d;
}

.c8 .token.tag {
  color: #569cd6;
}

.c8 .token.tag .token.punctuation {
  color: #808080;
}

.c8 .token.cdata {
  color: #808080;
}

.c8 .token.attr-name {
  color: #9cdcfe;
}

.c8 .token.attr-value,
.c8 .token.attr-value .token.punctuation {
  color: #ce9178;
}

.c8 .token.attr-value .token.punctuation.attr-equals {
  color: #d4d4d4;
}

.c8 .token.entity {
  color: #569cd6;
}

.c8 .token.namespace {
  color: #4ec9b0;
}

.c8 pre[class*='language-javascript'],
.c8 code[class*='language-javascript'],
.c8 pre[class*='language-jsx'],
.c8 code[class*='language-jsx'],
.c8 pre[class*='language-typescript'],
.c8 code[class*='language-typescript'],
.c8 pre[class*='language-tsx'],
.c8 code[class*='language-tsx'] {
  color: #9cdcfe;
}

.c8 pre[class*='language-css'],
.c8 code[class*='language-css'] {
  color: #ce9178;
}

.c8 pre[class*='language-html'],
.c8 code[class*='language-html'] {
  color: #d4d4d4;
}

.c8 .language-regex .token.anchor {
  color: #dcdcaa;
}

.c8 .language-html .token.punctuation {
  color: #808080;
}

.c8 pre[data-line] {
  position: relative;
}

.c8 pre[class*='language-'] > code[class*='language-'] {
  position: relative;
  z-index: 1;
}

.c8 .line-highlight {
  position: absolute;
  left: 0;
  right: 0;
  padding: inherit 0;
  margin-top: 1em;
  background: #f7ebc6;
  box-shadow: inset 5px 0 0 #f7d87c;
  z-index: 0;
  pointer-events: none;
  line-height: inherit;
  white-space: pre;
}

.c0 {
  width: 100%;
  margin: 0 auto;
  padding: 0 3.2rem;
  max-width: 96rem;
}

.c7 {
  width: 100%;
  margin: 0 auto;
  padding: 0 3.2rem;
  max-width: 80rem;
}

@media (max-width:768px) {
  .c9 {
    font-size: 2rem;
  }

  .c9 .image-style-side {
    max-width: 100%;
    float: none;
    margin: 0;
  }
}

@media print {
  .c8 pre[class*='language-'],
  .c8 code[class*='language-'] {
    text-shadow: none;
  }
}

<div>
  <article
    class=""
  >
    <div
      class="c0"
    >
      <header
        class="c1"
      >
        <h1
          class="c2 c3"
        >
          A importância do react 6 no frontend
        </h1>
        <p
          class="c4"
        >
          Bem-vindo ao nosso site sobre React! Aqui você encontrará um resumo conciso e abrangente sobre essa popular biblioteca JavaScript para construção de interfaces de usuário.
        </p>
        <img
          alt="A importância do react 6 no frontend"
          class="c5"
          src="https://img.freepik.com/vetores-gratis/cidade-moderna-no-rio-a-noite_1441-2829.jpg?w=1060&t=st=1687883386~exp=1687883986~hmac=8f2d3eb84e58e071e05d2506ae05451b54aa8f23e648beaf0f684ecc8d1f795f"
        />
        <div
          class="c6"
        >
          <p>
            <span>
              Por: 
            </span>
            <a
              href="/author/matheus-mozart"
            >
              Matheus Mozart
            </a>
            <span
              class="separator"
            >
               | 
            </span>
            <time
              datetime="2023-06-02T15:16:09.246+00:00"
            >
              2 de jun. de 2023
            </time>
            <span
              class="separator"
            >
               | 
            </span>
            <span
              class="categories"
            >
              <a
                href="/category/react6"
              >
                React6
              </a>
            </span>
          </p>
        </div>
      </header>
    </div>
    <div
      class="c7"
    >
      <div
        class="c8"
      >
        <div
          class="c9"
        >
          <p
            style="text-align:justify;"
          >
             
          </p>
          <p
            style="text-align:justify;"
          >
            O React 6 chegou com uma série de recursos e melhorias que prometem levar o desenvolvimento de interfaces de usuário a um novo patamar. Neste artigo, exploraremos as principais novidades do React 6 e discutiremos a importância dessa atualização para a comunidade de desenvolvedores.
          </p>
          <p
            style="text-align:justify;"
          >
            <strong>
              1. Hooks reimaginados: Aumentando a flexibilidade
            </strong>
             Os Hooks foram introduzidos no React 5 e revolucionaram a forma como lidamos com estado e efeitos colaterais. No React 6, os Hooks foram reimaginados, permitindo uma maior flexibilidade na composição de lógica e comportamento em componentes funcionais. Agora, podemos criar Hooks personalizados mais poderosos e reutilizáveis, simplificando ainda mais o desenvolvimento de aplicações.
          </p>
          <p
            style="text-align:justify;"
          >
            <strong>
              2. Performance aprimorada: Mais rápido do que nunca
            </strong>
             A equipe do React focou em melhorias de desempenho no React 6. A nova versão apresenta um algoritmo de reconciliação aprimorado e otimizações inteligentes de renderização. Isso resulta em uma experiência mais rápida para os usuários finais, com atualizações de interface suaves e tempos de carregamento reduzidos.
          </p>
          <p
            style="text-align:justify;"
          >
            <strong>
              3. Novas APIs de contexto: Compartilhamento de estado facilitado
            </strong>
             O React 6 introduz APIs de contexto aprimoradas, facilitando o compartilhamento de estado entre componentes. Agora, podemos criar contextos mais flexíveis e granulares, permitindo um gerenciamento de estado mais eficiente e evitando problemas comuns de prop drilling (passagem excessiva de propriedades).
          </p>
          <p
            style="text-align:justify;"
          >
            <strong>
              4. Suporte nativo a TypeScript: Desenvolvimento robusto e seguro
            </strong>
             O TypeScript tem ganhado popularidade na comunidade de desenvolvimento JavaScript, e o React 6 abraçou essa tendência. Agora, o React oferece suporte nativo a TypeScript, permitindo o desenvolvimento de aplicativos mais robustos e seguros. A integração perfeita entre o React e o TypeScript oferece autocompletar, detecção de erros em tempo de compilação e uma melhor experiência de desenvolvimento em geral.
          </p>
          <p
            style="text-align:justify;"
          >
            <strong>
              Conclusão: O futuro do desenvolvimento de interfaces
            </strong>
             Com o React 6, a biblioteca JavaScript continua a evoluir e redefinir a forma como construímos interfaces de usuário. Os novos recursos e melhorias trazem mais flexibilidade, desempenho aprimorado, compartilhamento de estado facilitado e suporte nativo a TypeScript. Essas mudanças tornam o desenvolvimento de aplicações mais eficiente, seguro e agradável. O React 6 marca um marco importante na história do React e confirma sua posição como uma das principais escolhas para o desenvolvimento de interfaces modernas e reativas. Não perca tempo e comece a explorar o React 6 hoje mesmo!
          </p>
          <figure
            class="image"
          >
            <img
              alt="alien-planet.jpg"
              sizes="100vw"
              src="/uploads/alien_planet_a3727af9d6.jpg"
              srcset="/uploads/thumbnail_alien_planet_a3727af9d6.jpg 245w, /uploads/small_alien_planet_a3727af9d6.jpg 500w, /uploads/medium_alien_planet_a3727af9d6.jpg 750w, /uploads/large_alien_planet_a3727af9d6.jpg 1000w"
              width="1000"
            />
          </figure>
          <p
            style="text-align:justify;"
          >
             
          </p>
          <p
            style="text-align:justify;"
          >
             
          </p>
        </div>
      </div>
    </div>
  </article>
</div>
`;
